Microchip MPLAB XC8 Compiler V2.00 ()

Linker command line:

-W-3 --edf=C:\Program Files (x86)\Microchip\xc8\v2.00\pic\dat\en_msgs.txt \
  -cs -h+dist/default/production\motorPasso.X.production.sym \
  --cmf=dist/default/production\motorPasso.X.production.cmf -z -Q16F887 \
  -oC:\Users\20185151\AppData\Local\Temp\scas.2 \
  -Mdist/default/production/motorPasso.X.production.map -E1 -ver=XC8 \
  --acfsm=1493 -ASTACK=0110h-016fh -pstack=STACK -ACODE=00h-07FFhx4 \
  -ASTRCODE=00h-01FFFh -ASTRING=00h-0FFhx32 -ACONST=00h-0FFhx32 \
  -AENTRY=00h-0FFhx32 -ACOMMON=070h-07Fh -ABANK0=020h-06Fh \
  -ABANK1=0A0h-0EFh -ABANK2=0110h-016Fh -ABANK3=0190h-01EFh \
  -ARAM=020h-06Fh,0A0h-0EFh,0110h-016Fh,0190h-01EFh \
  -AABS1=020h-07Fh,0A0h-0EFh,0110h-016Fh,0190h-01EFh -ASFR0=00h-01Fh \
  -ASFR1=080h-09Fh -ASFR2=0100h-010Fh -ASFR3=0180h-018Fh \
  -preset_vec=00h,intentry,init,end_init -ppowerup=CODE -pcinit=CODE \
  -pfunctab=ENTRY -ACONFIG=02007h-02008h -pconfig=CONFIG -DCONFIG=2 \
  -AIDLOC=02000h-02003h -pidloc=IDLOC -DIDLOC=2 -AEEDATA=00h-0FFh/02100h \
  -peeprom_data=EEDATA -DEEDATA=2 -DCODE=2 -DSTRCODE=2 -DSTRING=2 -DCONST=2 \
  -DENTRY=2 -k C:\Users\20185151\AppData\Local\Temp\scas.o \
  dist/default/production\motorPasso.X.production.o 

Object code version is 3.11

Machine type is 16F887



                Name                               Link     Load   Length Selector   Space Scale
C:\Users\20185151\AppData\Local\Temp\scas.o
                end_init                              0        0        3        0       0
                config                             2007     2007        2     400E       0
dist/default/production\motorPasso.X.production.o
                cinit                               7ED      7ED       13      FDA       0
                text5                               6C5      6C5       73      D8A       0
                text4                               673      673       28      CE6       0
                text3                               640      640       17      C80       0
                text2                               738      738       B5      E70       0
                text1                               61C      61C       11      C38       0
                maintext                            69B      69B       2A      D36       0
                cstackBANK0                          3C       3C       12       20       1
                cstackCOMMON                         70       70        C       70       1
                inittext                            62D      62D       13      C5A       0
                dataBANK0                            20       20       1C       20       1
                bssBANK0                             50       50        1       20       1
                nvBANK0                              4E       4E        2       20       1
                idataBANK0                          657      657       1C      CAE       0

TOTAL           Name                               Link     Load   Length     Space
        CLASS   STACK          

        CLASS   CODE           
                end_init                              0        0        3         0
                cinit                               7ED      7ED       13         0
                text5                               6C5      6C5       73         0
                text4                               673      673       28         0
                text3                               640      640       17         0
                text2                               738      738       B5         0
                text1                               61C      61C       11         0
                maintext                            69B      69B       2A         0
                inittext                            62D      62D       13         0
                idataBANK0                          657      657       1C         0

        CLASS   STRCODE        

        CLASS   STRING         

        CLASS   CONST          

        CLASS   ENTRY          

        CLASS   COMMON         
                cstackCOMMON                         70       70        C         1

        CLASS   BANK0          
                cstackBANK0                          3C       3C       12         1
                dataBANK0                            20       20       1C         1
                bssBANK0                             50       50        1         1
                nvBANK0                              4E       4E        2         1

        CLASS   BANK1          

        CLASS   BANK2          

        CLASS   BANK3          

        CLASS   RAM            

        CLASS   ABS1           
                abs_s1                               7E       7E        2         1

        CLASS   SFR0           

        CLASS   SFR1           

        CLASS   SFR2           

        CLASS   SFR3           

        CLASS   CONFIG         
                config                             2007     2007        2         0

        CLASS   IDLOC          

        CLASS   EEDATA         



SEGMENTS        Name                           Load    Length   Top    Selector   Space  Class     Delta

                reset_vec                      000000  000003  000003         0       0  CODE        2
                dataBANK0                      000020  000031  000051        20       1  BANK0       1
                cstackCOMMON                   000070  00000C  00007C        70       1  COMMON      1
                text1                          00061C  000011  00062D       C38       0  CODE        2
                inittext                       00062D  000013  000640       C5A       0  CODE        2
                text3                          000640  000017  000657       C80       0  CODE        2
                idataBANK0                     000657  00001C  000673       CAE       0  CODE        2
                text4                          000673  000028  00069B       CE6       0  CODE        2
                maintext                       00069B  00002A  0006C5       D36       0  CODE        2
                text5                          0006C5  000073  000738       D8A       0  CODE        2
                text2                          000738  0000B5  0007ED       E70       0  CODE        2
                cinit                          0007ED  000013  000800       FDA       0  CODE        2
                config                         002007  000002  002009      400E       0  CONFIG      2


UNUSED ADDRESS RANGES

        Name                Unused          Largest block    Delta
        BANK0            0051-006F             1F           1
        BANK1            00A0-00EF             50           1
        BANK2            0110-016F             60           1
        BANK3            0190-01EF             60           1
        CODE             0003-061B            619           2
                         0800-1FFF            800
        COMMON           007C-007D              2           1
        CONST            0003-061B            100           2
                         0800-1FFF            100
        EEDATA           2100-21FF            100           2
        ENTRY            0003-061B            100           2
                         0800-1FFF            100
        IDLOC            2000-2003              4           2
        RAM              0051-006F             1F           1
                         00A0-00EF             50
                         0110-016F             60
                         0190-01EF             60
        SFR0             0000-001F             20           1
        SFR1             0080-009F             20           1
        SFR2             0100-010F             10           1
        SFR3             0180-018F             10           1
        STACK            0110-016F             60           1
        STRCODE          0003-061B            619           2
                         0800-1FFF           1800
        STRING           0003-061B            100           2
                         0800-1FFF            100

                                  Symbol Table

?___awdiv                         cstackCOMMON 0076
?___wmul                          cstackCOMMON 0070
_ANSELH                           (abs)        0189
_LCDbits                          (abs)        0008
_PORTB                            (abs)        0006
_PORTD                            (abs)        0008
_PORTDbits                        (abs)        0008
_TRISB                            (abs)        0086
_TRISDbits                        (abs)        0088
__CFG_BOR4V$BOR40V                (abs)        0000
__CFG_BOREN$OFF                   (abs)        0000
__CFG_CP$OFF                      (abs)        0000
__CFG_CPD$OFF                     (abs)        0000
__CFG_FCMEN$OFF                   (abs)        0000
__CFG_FOSC$INTRC_NOCLKOUT         (abs)        0000
__CFG_IESO$OFF                    (abs)        0000
__CFG_LVP$OFF                     (abs)        0000
__CFG_MCLRE$OFF                   (abs)        0000
__CFG_PWRTE$OFF                   (abs)        0000
__CFG_WDTE$OFF                    (abs)        0000
__CFG_WRT$OFF                     (abs)        0000
__Habs1                           abs1         0000
__Hbank0                          bank0        0000
__Hbank1                          bank1        0000
__Hbank2                          bank2        0000
__Hbank3                          bank3        0000
__HbssBANK0                       bssBANK0     0000
__Hcinit                          cinit        0800
__Hclrtext                        clrtext      0000
__Hcode                           code         0000
__Hcommon                         common       0000
__Hconfig                         config       2009
__HcstackBANK0                    cstackBANK0  0000
__HcstackCOMMON                   cstackCOMMON 0000
__HdataBANK0                      dataBANK0    0000
__Heeprom_data                    eeprom_data  0000
__Hend_init                       end_init     0003
__Hfunctab                        functab      0000
__HidataBANK0                     idataBANK0   0000
__Hidloc                          idloc        0000
__Hinit                           init         0000
__Hinittext                       inittext     0000
__Hintentry                       intentry     0000
__Hmaintext                       maintext     0000
__HnvBANK0                        nvBANK0      0000
__Hpowerup                        powerup      0000
__Hram                            ram          0000
__Hreset_vec                      reset_vec    0000
__Hsfr0                           sfr0         0000
__Hsfr1                           sfr1         0000
__Hsfr2                           sfr2         0000
__Hsfr3                           sfr3         0000
__Hspace_0                        (abs)        2009
__Hspace_1                        (abs)        007C
__Hspace_2                        (abs)        0000
__Hspace_3                        (abs)        0000
__Hstack                          stack        0000
__Hstrings                        strings      0000
__Htext                           text         0000
__Labs1                           abs1         0000
__Lbank0                          bank0        0000
__Lbank1                          bank1        0000
__Lbank2                          bank2        0000
__Lbank3                          bank3        0000
__LbssBANK0                       bssBANK0     0000
__Lcinit                          cinit        07ED
__Lclrtext                        clrtext      0000
__Lcode                           code         0000
__Lcommon                         common       0000
__Lconfig                         config       2007
__LcstackBANK0                    cstackBANK0  0000
__LcstackCOMMON                   cstackCOMMON 0000
__LdataBANK0                      dataBANK0    0000
__Leeprom_data                    eeprom_data  0000
__Lend_init                       end_init     0000
__Lfunctab                        functab      0000
__LidataBANK0                     idataBANK0   0000
__Lidloc                          idloc        0000
__Linit                           init         0000
__Linittext                       inittext     0000
__Lintentry                       intentry     0000
__Lmaintext                       maintext     0000
__LnvBANK0                        nvBANK0      0000
__Lpowerup                        powerup      0000
__Lram                            ram          0000
__Lreset_vec                      reset_vec    0000
__Lsfr0                           sfr0         0000
__Lsfr1                           sfr1         0000
__Lsfr2                           sfr2         0000
__Lsfr3                           sfr3         0000
__Lspace_0                        (abs)        0000
__Lspace_1                        (abs)        0000
__Lspace_2                        (abs)        0000
__Lspace_3                        (abs)        0000
__Lstack                          stack        0000
__Lstrings                        strings      0000
__Ltext                           text         0000
__S0                              (abs)        2009
__S1                              (abs)        007C
__S2                              (abs)        0000
__S3                              (abs)        0000
___awdiv                          text5        06C5
___awdiv@counter                  cstackBANK0  003C
___awdiv@dividend                 cstackCOMMON 0078
___awdiv@divisor                  cstackCOMMON 0076
___awdiv@quotient                 cstackBANK0  003E
___awdiv@sign                     cstackBANK0  003D
___int_sp                         stack        0000
___latbits                        (abs)        0002
___sp                             stack        0000
___wmul                           text4        0673
___wmul@multiplicand              cstackCOMMON 0072
___wmul@multiplier                cstackCOMMON 0070
___wmul@product                   cstackCOMMON 0074
__end_of___awdiv                  text5        0738
__end_of___wmul                   text4        069B
__end_of__initialization          cinit        07FC
__end_of_delay                    text3        0657
__end_of_main                     maintext     06C5
__end_of_stepMotor                text2        07ED
__end_of_stepMotor_init           text1        062D
__initialization                  cinit        07ED
__pbssBANK0                       bssBANK0     0050
__pcstackBANK0                    cstackBANK0  003C
__pcstackCOMMON                   cstackCOMMON 0070
__pdataBANK0                      dataBANK0    0020
__pidataBANK0                     idataBANK0   0657
__pmaintext                       maintext     069B
__pnvBANK0                        nvBANK0      004E
__ptext1                          text1        061C
__ptext2                          text2        0738
__ptext3                          text3        0640
__ptext4                          text4        0673
__ptext5                          text5        06C5
__size_of___awdiv                 (abs)        0000
__size_of___wmul                  (abs)        0000
__size_of_delay                   (abs)        0000
__size_of_main                    (abs)        0000
__size_of_stepMotor               (abs)        0000
__size_of_stepMotor_init          (abs)        0000
_delay                            text3        0640
_indice                           bssBANK0     0050
_main                             maintext     069B
_passos                           dataBANK0    0030
_ppr                              nvBANK0      004E
_stepMotor                        text2        0738
_stepMotor_init                   text1        061C
_tabTeclado                       dataBANK0    0020
_tabela                           dataBANK0    0038
btemp                             (abs)        007E
delay@t                           cstackCOMMON 0070
end_of_initialization             cinit        07FC
init_fetch0                       inittext     062D
init_ram0                         inittext     0631
intlevel0                         functab      0000
intlevel1                         functab      0000
intlevel2                         functab      0000
intlevel3                         functab      0000
intlevel4                         functab      0000
intlevel5                         functab      0000
reset_vec                         reset_vec    0000
stackhi                           (abs)        0000
stacklo                           (abs)        0000
start                             init         0000
start_initialization              cinit        07ED
stepMotor@graus                   cstackBANK0  0041
stepMotor@numPassos               cstackBANK0  0045
stepMotor@numPassos_190           cstackBANK0  0047
stepMotor@passo                   cstackBANK0  0049
stepMotor@sentido                 cstackBANK0  0040
stepMotor@t                       cstackBANK0  0043
stepMotor@x                       cstackBANK0  004A
stepMotor@x_189                   cstackBANK0  004C
stepMotor_init@pulsosPorRevolucao cstackCOMMON 0070
wtemp0                            (abs)        007E


FUNCTION INFORMATION:

 *************** function _main *****************
 Defined at:
		line 14 in file "main.c"
 Parameters:    Size  Location     Type
		None
 Auto vars:     Size  Location     Type
		None
 Return value:  Size  Location     Type
                  1    wreg      void 
 Registers used:
		wreg, fsr0l, fsr0h, status,2, status,0, pclath, cstack
 Tracked objects:
		On entry : 
		On exit  : 
		Unchanged: 
 Data sizes:     COMMON   BANK0   BANK1   BANK3   BANK2
      Params:         0       0       0       0       0
      Locals:         0       0       0       0       0
      Temps:          0       0       0       0       0
      Totals:         0       0       0       0       0
Total ram usage:        0 bytes
 Hardware stack levels required when called:    2
 This function calls:
		_delay
		_stepMotor
		_stepMotor_init
 This function is called by:
		Startup code after reset
 This function uses a non-reentrant model


 *************** function _stepMotor_init *****************
 Defined at:
		line 13 in file "stepMotor.c"
 Parameters:    Size  Location     Type
  pulsosPorRev    2    0[COMMON] int 
 Auto vars:     Size  Location     Type
		None
 Return value:  Size  Location     Type
                  1    wreg      void 
 Registers used:
		wreg
 Tracked objects:
		On entry : 
		On exit  : 
		Unchanged: 
 Data sizes:     COMMON   BANK0   BANK1   BANK3   BANK2
      Params:         2       0       0       0       0
      Locals:         0       0       0       0       0
      Temps:          0       0       0       0       0
      Totals:         2       0       0       0       0
Total ram usage:        2 bytes
 Hardware stack levels used:    1
 This function calls:
		Nothing
 This function is called by:
		_main
 This function uses a non-reentrant model


 *************** function _stepMotor *****************
 Defined at:
		line 28 in file "stepMotor.c"
 Parameters:    Size  Location     Type
  passo           1    wreg     unsigned char 
  sentido         1    4[BANK0 ] unsigned char 
  graus           2    5[BANK0 ] int 
  t               2    7[BANK0 ] int 
 Auto vars:     Size  Location     Type
  passo           1   13[BANK0 ] unsigned char 
  x               2   16[BANK0 ] int 
  numPassos       2   11[BANK0 ] int 
  x               2   14[BANK0 ] int 
  numPassos       2    9[BANK0 ] int 
 Return value:  Size  Location     Type
                  1    wreg      void 
 Registers used:
		wreg, fsr0l, fsr0h, status,2, status,0, pclath, cstack
 Tracked objects:
		On entry : 
		On exit  : 
		Unchanged: 
 Data sizes:     COMMON   BANK0   BANK1   BANK3   BANK2
      Params:         0       5       0       0       0
      Locals:         0       9       0       0       0
      Temps:          1       0       0       0       0
      Totals:         1      14       0       0       0
Total ram usage:       15 bytes
 Hardware stack levels used:    1
 Hardware stack levels required when called:    1
 This function calls:
		___awdiv
		___wmul
		_delay
 This function is called by:
		_main
 This function uses a non-reentrant model


 *************** function _delay *****************
 Defined at:
		line 7 in file "delay.c"
 Parameters:    Size  Location     Type
  t               2    0[COMMON] unsigned int 
 Auto vars:     Size  Location     Type
		None
 Return value:  Size  Location     Type
                  1    wreg      void 
 Registers used:
		wreg, status,2, status,0
 Tracked objects:
		On entry : 
		On exit  : 
		Unchanged: 
 Data sizes:     COMMON   BANK0   BANK1   BANK3   BANK2
      Params:         2       0       0       0       0
      Locals:         0       0       0       0       0
      Temps:          1       0       0       0       0
      Totals:         3       0       0       0       0
Total ram usage:        3 bytes
 Hardware stack levels used:    1
 This function calls:
		Nothing
 This function is called by:
		_main
		_stepMotor
 This function uses a non-reentrant model


 *************** function ___wmul *****************
 Defined at:
		line 15 in file "C:\Program Files (x86)\Microchip\xc8\v2.00\pic\sources\c90\common\Umul16.c"
 Parameters:    Size  Location     Type
  multiplier      2    0[COMMON] unsigned int 
  multiplicand    2    2[COMMON] unsigned int 
 Auto vars:     Size  Location     Type
  product         2    4[COMMON] unsigned int 
 Return value:  Size  Location     Type
                  2    0[COMMON] unsigned int 
 Registers used:
		wreg, status,2, status,0
 Tracked objects:
		On entry : 
		On exit  : 
		Unchanged: 
 Data sizes:     COMMON   BANK0   BANK1   BANK3   BANK2
      Params:         4       0       0       0       0
      Locals:         2       0       0       0       0
      Temps:          0       0       0       0       0
      Totals:         6       0       0       0       0
Total ram usage:        6 bytes
 Hardware stack levels used:    1
 This function calls:
		Nothing
 This function is called by:
		_stepMotor
 This function uses a non-reentrant model


 *************** function ___awdiv *****************
 Defined at:
		line 5 in file "C:\Program Files (x86)\Microchip\xc8\v2.00\pic\sources\c90\common\awdiv.c"
 Parameters:    Size  Location     Type
  divisor         2    6[COMMON] int 
  dividend        2    8[COMMON] int 
 Auto vars:     Size  Location     Type
  quotient        2    2[BANK0 ] int 
  sign            1    1[BANK0 ] unsigned char 
  counter         1    0[BANK0 ] unsigned char 
 Return value:  Size  Location     Type
                  2    6[COMMON] int 
 Registers used:
		wreg, status,2, status,0
 Tracked objects:
		On entry : 
		On exit  : 
		Unchanged: 
 Data sizes:     COMMON   BANK0   BANK1   BANK3   BANK2
      Params:         4       0       0       0       0
      Locals:         0       4       0       0       0
      Temps:          1       0       0       0       0
      Totals:         5       4       0       0       0
Total ram usage:        9 bytes
 Hardware stack levels used:    1
 This function calls:
		Nothing
 This function is called by:
		_stepMotor
		_dispLCD_num
 This function uses a non-reentrant model



MODULE INFORMATION

Module		Function		Class		Link	Load	Size
delay.c
		_delay         		CODE           	0640	0000	24

delay.c estimated size: 24

C:\Program Files (x86)\Microchip\xc8\v2.00\pic\sources\c90\common\Umul16.c
		___wmul        		CODE           	0673	0000	41

C:\Program Files (x86)\Microchip\xc8\v2.00\pic\sources\c90\common\Umul16.c estimated size: 41

C:\Program Files (x86)\Microchip\xc8\v2.00\pic\sources\c90\common\awdiv.c
		___awdiv       		CODE           	06C5	0000	116

C:\Program Files (x86)\Microchip\xc8\v2.00\pic\sources\c90\common\awdiv.c estimated size: 116

shared
		__initialization		CODE           	07ED	0000	16

shared estimated size: 16

main.c
		_main          		CODE           	069B	0000	43

main.c estimated size: 43

stepMotor.c
		_stepMotor     		CODE           	0738	0000	182
		_stepMotor_init		CODE           	061C	0000	18

stepMotor.c estimated size: 200

